I'm sorry, but errors were detected in your script. Please correct the
errors listed below, and try again.


File "game/script.rpy", line 24: end of line expected.
    show saintess at right with fade, resize
                                    ^

Ren'Py Version: Ren'Py 8.3.7.25031702
Sat May 24 22:10:01 2025
